// Jest Snapshot v1, https://goo.gl/fbAQLP

exports[`<Breadcrumb /> тестирует снэпшот контейнера брэдкрамба 1`] = `
<nav
  aria-label="breadcrumb"
  className=""
>
  <ol
    className="breadcrumb"
  >
    <li
      className="breadcrumb-item"
    >
      <a
        className="n2o-breadcrumb-link"
        href="/redirectTest"
        onClick={[Function]}
      >
        test
      </a>
    </li>
    <li
      aria-current="page"
      className="active breadcrumb-item"
    >
      <span
        className="n2o-breadcrumb-link n2o-breadcrumb-link_active"
      >
        Test
      </span>
    </li>
  </ol>
</nav>
`;
