// Jest Snapshot v1, https://goo.gl/fbAQLP

exports[`<SimpleHeader /> проверяет создание компонента 1`] = `
<BrowserRouter>
  <Router
    history={
      Object {
        "action": "POP",
        "block": [Function],
        "createHref": [Function],
        "go": [Function],
        "goBack": [Function],
        "goForward": [Function],
        "length": 1,
        "listen": [Function],
        "location": Object {
          "hash": "",
          "pathname": "/",
          "search": "",
          "state": undefined,
        },
        "push": [Function],
        "replace": [Function],
      }
    }
  >
    <SimpleHeader
      activeId="menuItem0"
      brand="Лого"
      brandImage="https://avatars0.githubusercontent.com/u/25926683?s=200&v=4"
      className=""
      collapsed={true}
      color="invert"
      extraItems={
        Array [
          Object {
            "id": "text",
            "label": "текст",
            "type": "text",
          },
          Object {
            "id": "dropdown1",
            "label": "список №2",
            "subItems": Array [
              Object {
                "badge": "бадж 1",
                "badgeColor": "warning",
                "href": "/",
                "label": "элемент списка №1",
                "type": "link",
              },
              Object {
                "badge": "бадж 2",
                "badgeColor": "warning",
                "href": "/",
                "label": "элемент списка №2",
                "type": "link",
              },
            ],
            "type": "dropdown",
          },
        ]
      }
      fixed={false}
      items={
        Array [
          Object {
            "href": "/",
            "id": "menuItem0",
            "label": "ссылка",
            "linkType": "outer",
            "security": Object {
              "roles": Array [
                "admin",
              ],
            },
            "type": "link",
          },
          Object {
            "href": "/pageRoute",
            "id": "menuItem1",
            "label": "список",
            "linkType": "inner",
            "subItems": Array [
              Object {
                "badge": "бадж 1",
                "badgeColor": "danger",
                "href": "/pageRoute",
                "id": "menuItem2",
                "label": "Название страницы",
                "linkType": "inner",
                "type": "link",
              },
              Object {
                "badge": "бадж 2",
                "badgeColor": "danger",
                "href": "/pageRoute1",
                "id": "menuItem3",
                "label": "элемент списка №2",
                "linkType": "inner",
                "type": "link",
              },
            ],
            "type": "dropdown",
          },
        ]
      }
      search={false}
      style={Object {}}
    >
      <div
        className="navbar-container-relative  n2o-header n2o-header-invert "
        style={Object {}}
      >
        <Navbar
          color="light"
          dark={false}
          expand="md"
          light={true}
          tag="nav"
        >
          <nav
            className="navbar navbar-expand-md navbar-light bg-light"
          >
            <NavbarBrand
              href="/"
              tag="a"
            >
              <a
                className="navbar-brand"
                href="/"
              >
                <NavbarBrandContent
                  brand="Лого"
                  brandImage="https://avatars0.githubusercontent.com/u/25926683?s=200&v=4"
                >
                  <img
                    className="d-inline-block align-top"
                    src="https://avatars0.githubusercontent.com/u/25926683?s=200&v=4"
                    style={
                      Object {
                        "alignSelf": "center",
                        "display": "inline-block",
                        "margin": "auto",
                        "marginRight": "5px",
                        "maxHeight": 40,
                        "maxWidth": 40,
                      }
                    }
                  />
                  Лого
                </NavbarBrandContent>
              </a>
            </NavbarBrand>
            <NavbarToggler
              onClick={[Function]}
              tag="button"
              type="button"
            >
              <button
                aria-label="Toggle navigation"
                className="navbar-toggler"
                onClick={[Function]}
                type="button"
              >
                <span
                  className="navbar-toggler-icon"
                />
              </button>
            </NavbarToggler>
            <Collapse
              appear={false}
              enter={true}
              exit={true}
              in={false}
              isOpen={false}
              mountOnEnter={false}
              navbar={true}
              onEnter={[Function]}
              onEntered={[Function]}
              onEntering={[Function]}
              onExit={[Function]}
              onExited={[Function]}
              onExiting={[Function]}
              tag="div"
              timeout={350}
              unmountOnExit={false}
            >
              <Transition
                appear={false}
                enter={true}
                exit={true}
                in={false}
                mountOnEnter={false}
                onEnter={[Function]}
                onEntered={[Function]}
                onEntering={[Function]}
                onExit={[Function]}
                onExited={[Function]}
                onExiting={[Function]}
                timeout={350}
                unmountOnExit={false}
              >
                <div
                  aria-expanded="false"
                  className="collapse navbar-collapse"
                  style={Object {}}
                >
                  <Nav
                    navbar={true}
                    tag="ul"
                    vertical={false}
                  >
                    <ul
                      className="navbar-nav"
                    >
                      <NavItemContainer
                        activeId="menuItem0"
                        direction="bottom"
                        item={
                          Object {
                            "href": "/",
                            "id": "menuItem0",
                            "label": "ссылка",
                            "linkType": "outer",
                            "security": Object {
                              "roles": Array [
                                "admin",
                              ],
                            },
                            "type": "link",
                          }
                        }
                        key="0"
                      >
                        <NavItem
                          tag="li"
                        >
                          <li
                            className="nav-item"
                          >
                            <a
                              className="nav-link"
                              href="/"
                            >
                              ссылка
                            </a>
                            <Badge
                              color="secondary"
                              pill={false}
                              tag="span"
                            >
                              <span
                                className="badge badge-secondary"
                              />
                            </Badge>
                          </li>
                        </NavItem>
                      </NavItemContainer>
                      <NavItemContainer
                        activeId="menuItem0"
                        direction="bottom"
                        item={
                          Object {
                            "href": "/pageRoute",
                            "id": "menuItem1",
                            "label": "список",
                            "linkType": "inner",
                            "subItems": Array [
                              Object {
                                "badge": "бадж 1",
                                "badgeColor": "danger",
                                "href": "/pageRoute",
                                "id": "menuItem2",
                                "label": "Название страницы",
                                "linkType": "inner",
                                "type": "link",
                              },
                              Object {
                                "badge": "бадж 2",
                                "badgeColor": "danger",
                                "href": "/pageRoute1",
                                "id": "menuItem3",
                                "label": "элемент списка №2",
                                "linkType": "inner",
                                "type": "link",
                              },
                            ],
                            "type": "dropdown",
                          }
                        }
                        key="1"
                      >
                        <UncontrolledDropdown
                          direction="bottom"
                          inNavbar={true}
                          nav={true}
                        >
                          <Dropdown
                            a11y={true}
                            active={false}
                            addonType={false}
                            direction="bottom"
                            inNavbar={true}
                            isOpen={false}
                            nav={true}
                            setActiveFromChild={false}
                            toggle={[Function]}
                          >
                            <Manager>
                              <li
                                className="dropbottom dropdown nav-item"
                                onKeyDown={[Function]}
                              >
                                <DropdownToggle
                                  aria-haspopup={true}
                                  caret={true}
                                  color="secondary"
                                  nav={true}
                                >
                                  <a
                                    aria-expanded={false}
                                    aria-haspopup={true}
                                    className="dropdown-toggle nav-link"
                                    href="#"
                                    onClick={[Function]}
                                  >
                                    список
                                  </a>
                                </DropdownToggle>
                                <DropdownMenu
                                  flip={true}
                                  right={false}
                                  tag="div"
                                >
                                  <div
                                    aria-hidden={true}
                                    className="dropdown-menu"
                                    role="menu"
                                    tabIndex="-1"
                                  >
                                    <DropdownItem
                                      tag="button"
                                      toggle={true}
                                    >
                                      <button
                                        className="dropdown-item"
                                        onClick={[Function]}
                                        role="menuitem"
                                        tabIndex="0"
                                        type="button"
                                      >
                                        <NavItem
                                          tag="li"
                                        >
                                          <li
                                            className="nav-item"
                                          >
                                            <NavLink
                                              activeClassName="active"
                                              aria-current="page"
                                              className="nav-link dropdown-item"
                                              exact={true}
                                              to="/pageRoute"
                                            >
                                              <Route
                                                exact={true}
                                                path="\\\\/pageRoute"
                                              >
                                                <Link
                                                  aria-current={null}
                                                  className="nav-link dropdown-item"
                                                  replace={false}
                                                  to="/pageRoute"
                                                >
                                                  <a
                                                    aria-current={null}
                                                    className="nav-link dropdown-item"
                                                    href="/pageRoute"
                                                    onClick={[Function]}
                                                  >
                                                    Название страницы
                                                  </a>
                                                </Link>
                                              </Route>
                                            </NavLink>
                                            <Badge
                                              color="danger"
                                              pill={false}
                                              tag="span"
                                            >
                                              <span
                                                className="badge badge-danger"
                                              >
                                                бадж 1
                                              </span>
                                            </Badge>
                                          </li>
                                        </NavItem>
                                      </button>
                                    </DropdownItem>
                                    <DropdownItem
                                      tag="button"
                                      toggle={true}
                                    >
                                      <button
                                        className="dropdown-item"
                                        onClick={[Function]}
                                        role="menuitem"
                                        tabIndex="0"
                                        type="button"
                                      >
                                        <NavItem
                                          tag="li"
                                        >
                                          <li
                                            className="nav-item"
                                          >
                                            <NavLink
                                              activeClassName="active"
                                              aria-current="page"
                                              className="nav-link dropdown-item"
                                              exact={true}
                                              to="/pageRoute1"
                                            >
                                              <Route
                                                exact={true}
                                                path="\\\\/pageRoute1"
                                              >
                                                <Link
                                                  aria-current={null}
                                                  className="nav-link dropdown-item"
                                                  replace={false}
                                                  to="/pageRoute1"
                                                >
                                                  <a
                                                    aria-current={null}
                                                    className="nav-link dropdown-item"
                                                    href="/pageRoute1"
                                                    onClick={[Function]}
                                                  >
                                                    элемент списка №2
                                                  </a>
                                                </Link>
                                              </Route>
                                            </NavLink>
                                            <Badge
                                              color="danger"
                                              pill={false}
                                              tag="span"
                                            >
                                              <span
                                                className="badge badge-danger"
                                              >
                                                бадж 2
                                              </span>
                                            </Badge>
                                          </li>
                                        </NavItem>
                                      </button>
                                    </DropdownItem>
                                  </div>
                                </DropdownMenu>
                              </li>
                            </Manager>
                          </Dropdown>
                        </UncontrolledDropdown>
                      </NavItemContainer>
                    </ul>
                  </Nav>
                  <Nav
                    className="ml-auto"
                    navbar={true}
                    tag="ul"
                    vertical={false}
                  >
                    <ul
                      className="ml-auto navbar-nav"
                    >
                      <NavItemContainer
                        activeId="menuItem0"
                        direction="bottom"
                        item={
                          Object {
                            "id": "text",
                            "label": "текст",
                            "type": "text",
                          }
                        }
                        key="0"
                        options={
                          Object {
                            "right": true,
                          }
                        }
                      >
                        <NavItem
                          tag="li"
                        >
                          <li
                            className="nav-item"
                          >
                            <span
                              className="nav-link"
                            >
                              текст
                            </span>
                          </li>
                        </NavItem>
                      </NavItemContainer>
                      <NavItemContainer
                        activeId="menuItem0"
                        direction="bottom"
                        item={
                          Object {
                            "id": "dropdown1",
                            "label": "список №2",
                            "subItems": Array [
                              Object {
                                "badge": "бадж 1",
                                "badgeColor": "warning",
                                "href": "/",
                                "label": "элемент списка №1",
                                "type": "link",
                              },
                              Object {
                                "badge": "бадж 2",
                                "badgeColor": "warning",
                                "href": "/",
                                "label": "элемент списка №2",
                                "type": "link",
                              },
                            ],
                            "type": "dropdown",
                          }
                        }
                        key="1"
                        options={
                          Object {
                            "right": true,
                          }
                        }
                      >
                        <UncontrolledDropdown
                          direction="bottom"
                          inNavbar={true}
                          nav={true}
                        >
                          <Dropdown
                            a11y={true}
                            active={false}
                            addonType={false}
                            direction="bottom"
                            inNavbar={true}
                            isOpen={false}
                            nav={true}
                            setActiveFromChild={false}
                            toggle={[Function]}
                          >
                            <Manager>
                              <li
                                className="dropbottom dropdown nav-item"
                                onKeyDown={[Function]}
                              >
                                <DropdownToggle
                                  aria-haspopup={true}
                                  caret={true}
                                  color="secondary"
                                  nav={true}
                                >
                                  <a
                                    aria-expanded={false}
                                    aria-haspopup={true}
                                    className="dropdown-toggle nav-link"
                                    href="#"
                                    onClick={[Function]}
                                  >
                                    список №2
                                  </a>
                                </DropdownToggle>
                                <DropdownMenu
                                  flip={true}
                                  right={true}
                                  tag="div"
                                >
                                  <div
                                    aria-hidden={true}
                                    className="dropdown-menu dropdown-menu-right"
                                    role="menu"
                                    tabIndex="-1"
                                  >
                                    <DropdownItem
                                      tag="button"
                                      toggle={true}
                                    >
                                      <button
                                        className="dropdown-item"
                                        onClick={[Function]}
                                        role="menuitem"
                                        tabIndex="0"
                                        type="button"
                                      >
                                        <NavItem
                                          tag="li"
                                        >
                                          <li
                                            className="nav-item"
                                          >
                                            <NavLink
                                              activeClassName="active"
                                              aria-current="page"
                                              className="nav-link dropdown-item"
                                              exact={true}
                                              to="/"
                                            >
                                              <Route
                                                exact={true}
                                                path="\\\\/"
                                              >
                                                <Link
                                                  aria-current="page"
                                                  className="nav-link dropdown-item active"
                                                  replace={false}
                                                  style={Object {}}
                                                  to="/"
                                                >
                                                  <a
                                                    aria-current="page"
                                                    className="nav-link dropdown-item active"
                                                    href="/"
                                                    onClick={[Function]}
                                                    style={Object {}}
                                                  >
                                                    элемент списка №1
                                                  </a>
                                                </Link>
                                              </Route>
                                            </NavLink>
                                            <Badge
                                              color="warning"
                                              pill={false}
                                              tag="span"
                                            >
                                              <span
                                                className="badge badge-warning"
                                              >
                                                бадж 1
                                              </span>
                                            </Badge>
                                          </li>
                                        </NavItem>
                                      </button>
                                    </DropdownItem>
                                    <DropdownItem
                                      tag="button"
                                      toggle={true}
                                    >
                                      <button
                                        className="dropdown-item"
                                        onClick={[Function]}
                                        role="menuitem"
                                        tabIndex="0"
                                        type="button"
                                      >
                                        <NavItem
                                          tag="li"
                                        >
                                          <li
                                            className="nav-item"
                                          >
                                            <NavLink
                                              activeClassName="active"
                                              aria-current="page"
                                              className="nav-link dropdown-item"
                                              exact={true}
                                              to="/"
                                            >
                                              <Route
                                                exact={true}
                                                path="\\\\/"
                                              >
                                                <Link
                                                  aria-current="page"
                                                  className="nav-link dropdown-item active"
                                                  replace={false}
                                                  style={Object {}}
                                                  to="/"
                                                >
                                                  <a
                                                    aria-current="page"
                                                    className="nav-link dropdown-item active"
                                                    href="/"
                                                    onClick={[Function]}
                                                    style={Object {}}
                                                  >
                                                    элемент списка №2
                                                  </a>
                                                </Link>
                                              </Route>
                                            </NavLink>
                                            <Badge
                                              color="warning"
                                              pill={false}
                                              tag="span"
                                            >
                                              <span
                                                className="badge badge-warning"
                                              >
                                                бадж 2
                                              </span>
                                            </Badge>
                                          </li>
                                        </NavItem>
                                      </button>
                                    </DropdownItem>
                                  </div>
                                </DropdownMenu>
                              </li>
                            </Manager>
                          </Dropdown>
                        </UncontrolledDropdown>
                      </NavItemContainer>
                    </ul>
                  </Nav>
                </div>
              </Transition>
            </Collapse>
          </nav>
        </Navbar>
      </div>
    </SimpleHeader>
  </Router>
</BrowserRouter>
`;
