// Jest Snapshot v1, https://goo.gl/fbAQLP

exports[`<CardsContainer /> отрисовка 1`] = `
<Provider
  store={
    Object {
      "dispatch": [Function],
      "getState": [Function],
      "replaceReducer": [Function],
      "subscribe": [Function],
      Symbol(observable): [Function],
    }
  }
>
  <Connect(withProps(pure(WidgetContainer)))
    cards={
      Array [
        Object {
          "col": 4,
          "content": Array [
            Object {
              "fieldKey": "card1",
              "id": "card1",
              "src": "TextCell",
              "style": Object {},
            },
          ],
        },
        Object {
          "col": 4,
          "content": Array [
            Object {
              "fieldKey": "card2",
              "id": "card2",
              "src": "ImageCell",
              "statuses": Array [
                Object {
                  "src": "Status",
                  "statusFieldId": "status1",
                  "statusIconFieldId": "fa fa-edit",
                  "statusPlace": "top-left",
                },
                Object {
                  "src": "Status",
                  "statusFieldId": "status2",
                  "statusIconFieldId": "fa fa-edit",
                  "statusPlace": "top-right",
                },
                Object {
                  "src": "Status",
                  "statusFieldId": "status3",
                  "statusIconFieldId": "fa fa-edit",
                  "statusPlace": "bottom-left",
                },
                Object {
                  "src": "Status",
                  "statusFieldId": "status4",
                  "statusIconFieldId": "fa fa-edit",
                  "statusPlace": "bottom-right",
                },
              ],
              "style": Object {},
              "width": 350,
            },
            Object {
              "fieldKey": "card21",
              "id": "card21",
              "src": "TextCell",
              "style": Object {},
              "subTextFieldKey": "card211",
            },
            Object {
              "fieldKey": "action",
              "id": "action",
              "src": "ButtonsCell",
              "toolbar": Array [
                Object {
                  "buttons": Array [
                    Object {
                      "action": Object {
                        "payload": Object {
                          "closeButton": true,
                          "name": "id_menuItem0",
                          "pageId": "id_menuItem0",
                          "pageUrl": "/:id/menuItem0",
                          "pathMapping": Object {
                            "id": Object {
                              "link": "models.resolve['main'].id",
                            },
                          },
                          "prompt": true,
                          "queryMapping": Object {},
                          "scrollable": false,
                          "visible": true,
                        },
                        "type": "n2o/overlays/INSERT_MODAL",
                      },
                      "color": "success",
                      "conditions": Object {},
                      "id": "menuItem0",
                      "label": "Info",
                      "rounded": false,
                      "security": Object {
                        "page": Object {
                          "denied": false,
                          "permitAll": true,
                        },
                      },
                      "src": "StandardButton",
                    },
                  ],
                },
              ],
            },
          ],
        },
        Object {
          "col": 4,
          "content": Array [
            Object {
              "fieldKey": "card3",
              "id": "card3",
              "src": "RatingCell",
              "style": Object {},
            },
            Object {
              "fieldKey": "card31",
              "id": "card31",
              "src": "TextCell",
              "style": Object {},
            },
          ],
        },
      ]
    }
    id="Page_Cards"
    level="widgets"
    src="CardsWidget"
  >
    <withProps(pure(WidgetContainer))
      cards={
        Array [
          Object {
            "col": 4,
            "content": Array [
              Object {
                "fieldKey": "card1",
                "id": "card1",
                "src": "TextCell",
                "style": Object {},
              },
            ],
          },
          Object {
            "col": 4,
            "content": Array [
              Object {
                "fieldKey": "card2",
                "id": "card2",
                "src": "ImageCell",
                "statuses": Array [
                  Object {
                    "src": "Status",
                    "statusFieldId": "status1",
                    "statusIconFieldId": "fa fa-edit",
                    "statusPlace": "top-left",
                  },
                  Object {
                    "src": "Status",
                    "statusFieldId": "status2",
                    "statusIconFieldId": "fa fa-edit",
                    "statusPlace": "top-right",
                  },
                  Object {
                    "src": "Status",
                    "statusFieldId": "status3",
                    "statusIconFieldId": "fa fa-edit",
                    "statusPlace": "bottom-left",
                  },
                  Object {
                    "src": "Status",
                    "statusFieldId": "status4",
                    "statusIconFieldId": "fa fa-edit",
                    "statusPlace": "bottom-right",
                  },
                ],
                "style": Object {},
                "width": 350,
              },
              Object {
                "fieldKey": "card21",
                "id": "card21",
                "src": "TextCell",
                "style": Object {},
                "subTextFieldKey": "card211",
              },
              Object {
                "fieldKey": "action",
                "id": "action",
                "src": "ButtonsCell",
                "toolbar": Array [
                  Object {
                    "buttons": Array [
                      Object {
                        "action": Object {
                          "payload": Object {
                            "closeButton": true,
                            "name": "id_menuItem0",
                            "pageId": "id_menuItem0",
                            "pageUrl": "/:id/menuItem0",
                            "pathMapping": Object {
                              "id": Object {
                                "link": "models.resolve['main'].id",
                              },
                            },
                            "prompt": true,
                            "queryMapping": Object {},
                            "scrollable": false,
                            "visible": true,
                          },
                          "type": "n2o/overlays/INSERT_MODAL",
                        },
                        "color": "success",
                        "conditions": Object {},
                        "id": "menuItem0",
                        "label": "Info",
                        "rounded": false,
                        "security": Object {
                          "page": Object {
                            "denied": false,
                            "permitAll": true,
                          },
                        },
                        "src": "StandardButton",
                      },
                    ],
                  },
                ],
              },
            ],
          },
          Object {
            "col": 4,
            "content": Array [
              Object {
                "fieldKey": "card3",
                "id": "card3",
                "src": "RatingCell",
                "style": Object {},
              },
              Object {
                "fieldKey": "card31",
                "id": "card31",
                "src": "TextCell",
                "style": Object {},
              },
            ],
          },
        ]
      }
      dispatch={[Function]}
      id="Page_Cards"
      isAnyTableFocused={false}
      level="widgets"
      src="CardsWidget"
      widget={
        Object {
          "containerId": null,
          "count": 0,
          "dataProvider": undefined,
          "error": null,
          "filter": Object {
            "key": null,
            "type": null,
          },
          "isActive": false,
          "isEnabled": true,
          "isFilterVisible": true,
          "isInit": true,
          "isLoading": true,
          "isResolved": false,
          "isVisible": true,
          "modelId": undefined,
          "modelPrefix": undefined,
          "page": undefined,
          "pageId": undefined,
          "selectedId": null,
          "size": undefined,
          "sorting": Object {},
          "type": undefined,
          "validation": undefined,
        }
      }
    >
      <pure(WidgetContainer)
        cards={
          Array [
            Object {
              "col": 4,
              "content": Array [
                Object {
                  "fieldKey": "card1",
                  "id": "card1",
                  "src": "TextCell",
                  "style": Object {},
                },
              ],
            },
            Object {
              "col": 4,
              "content": Array [
                Object {
                  "fieldKey": "card2",
                  "id": "card2",
                  "src": "ImageCell",
                  "statuses": Array [
                    Object {
                      "src": "Status",
                      "statusFieldId": "status1",
                      "statusIconFieldId": "fa fa-edit",
                      "statusPlace": "top-left",
                    },
                    Object {
                      "src": "Status",
                      "statusFieldId": "status2",
                      "statusIconFieldId": "fa fa-edit",
                      "statusPlace": "top-right",
                    },
                    Object {
                      "src": "Status",
                      "statusFieldId": "status3",
                      "statusIconFieldId": "fa fa-edit",
                      "statusPlace": "bottom-left",
                    },
                    Object {
                      "src": "Status",
                      "statusFieldId": "status4",
                      "statusIconFieldId": "fa fa-edit",
                      "statusPlace": "bottom-right",
                    },
                  ],
                  "style": Object {},
                  "width": 350,
                },
                Object {
                  "fieldKey": "card21",
                  "id": "card21",
                  "src": "TextCell",
                  "style": Object {},
                  "subTextFieldKey": "card211",
                },
                Object {
                  "fieldKey": "action",
                  "id": "action",
                  "src": "ButtonsCell",
                  "toolbar": Array [
                    Object {
                      "buttons": Array [
                        Object {
                          "action": Object {
                            "payload": Object {
                              "closeButton": true,
                              "name": "id_menuItem0",
                              "pageId": "id_menuItem0",
                              "pageUrl": "/:id/menuItem0",
                              "pathMapping": Object {
                                "id": Object {
                                  "link": "models.resolve['main'].id",
                                },
                              },
                              "prompt": true,
                              "queryMapping": Object {},
                              "scrollable": false,
                              "visible": true,
                            },
                            "type": "n2o/overlays/INSERT_MODAL",
                          },
                          "color": "success",
                          "conditions": Object {},
                          "id": "menuItem0",
                          "label": "Info",
                          "rounded": false,
                          "security": Object {
                            "page": Object {
                              "denied": false,
                              "permitAll": true,
                            },
                          },
                          "src": "StandardButton",
                        },
                      ],
                    },
                  ],
                },
              ],
            },
            Object {
              "col": 4,
              "content": Array [
                Object {
                  "fieldKey": "card3",
                  "id": "card3",
                  "src": "RatingCell",
                  "style": Object {},
                },
                Object {
                  "fieldKey": "card31",
                  "id": "card31",
                  "src": "TextCell",
                  "style": Object {},
                },
              ],
            },
          ]
        }
        dispatch={[Function]}
        id="Page_Cards"
        isActive={false}
        isAnyTableFocused={false}
        isEnabled={true}
        isInit={true}
        isLoading={true}
        level="widgets"
        selectedId={null}
        sorting={Object {}}
        src="CardsWidget"
        visible={true}
        widget={
          Object {
            "containerId": null,
            "count": 0,
            "dataProvider": undefined,
            "error": null,
            "filter": Object {
              "key": null,
              "type": null,
            },
            "isActive": false,
            "isEnabled": true,
            "isFilterVisible": true,
            "isInit": true,
            "isLoading": true,
            "isResolved": false,
            "isVisible": true,
            "modelId": undefined,
            "modelPrefix": undefined,
            "page": undefined,
            "pageId": undefined,
            "selectedId": null,
            "size": undefined,
            "sorting": Object {},
            "type": undefined,
            "validation": undefined,
          }
        }
      >
        <WidgetContainer
          cards={
            Array [
              Object {
                "col": 4,
                "content": Array [
                  Object {
                    "fieldKey": "card1",
                    "id": "card1",
                    "src": "TextCell",
                    "style": Object {},
                  },
                ],
              },
              Object {
                "col": 4,
                "content": Array [
                  Object {
                    "fieldKey": "card2",
                    "id": "card2",
                    "src": "ImageCell",
                    "statuses": Array [
                      Object {
                        "src": "Status",
                        "statusFieldId": "status1",
                        "statusIconFieldId": "fa fa-edit",
                        "statusPlace": "top-left",
                      },
                      Object {
                        "src": "Status",
                        "statusFieldId": "status2",
                        "statusIconFieldId": "fa fa-edit",
                        "statusPlace": "top-right",
                      },
                      Object {
                        "src": "Status",
                        "statusFieldId": "status3",
                        "statusIconFieldId": "fa fa-edit",
                        "statusPlace": "bottom-left",
                      },
                      Object {
                        "src": "Status",
                        "statusFieldId": "status4",
                        "statusIconFieldId": "fa fa-edit",
                        "statusPlace": "bottom-right",
                      },
                    ],
                    "style": Object {},
                    "width": 350,
                  },
                  Object {
                    "fieldKey": "card21",
                    "id": "card21",
                    "src": "TextCell",
                    "style": Object {},
                    "subTextFieldKey": "card211",
                  },
                  Object {
                    "fieldKey": "action",
                    "id": "action",
                    "src": "ButtonsCell",
                    "toolbar": Array [
                      Object {
                        "buttons": Array [
                          Object {
                            "action": Object {
                              "payload": Object {
                                "closeButton": true,
                                "name": "id_menuItem0",
                                "pageId": "id_menuItem0",
                                "pageUrl": "/:id/menuItem0",
                                "pathMapping": Object {
                                  "id": Object {
                                    "link": "models.resolve['main'].id",
                                  },
                                },
                                "prompt": true,
                                "queryMapping": Object {},
                                "scrollable": false,
                                "visible": true,
                              },
                              "type": "n2o/overlays/INSERT_MODAL",
                            },
                            "color": "success",
                            "conditions": Object {},
                            "id": "menuItem0",
                            "label": "Info",
                            "rounded": false,
                            "security": Object {
                              "page": Object {
                                "denied": false,
                                "permitAll": true,
                              },
                            },
                            "src": "StandardButton",
                          },
                        ],
                      },
                    ],
                  },
                ],
              },
              Object {
                "col": 4,
                "content": Array [
                  Object {
                    "fieldKey": "card3",
                    "id": "card3",
                    "src": "RatingCell",
                    "style": Object {},
                  },
                  Object {
                    "fieldKey": "card31",
                    "id": "card31",
                    "src": "TextCell",
                    "style": Object {},
                  },
                ],
              },
            ]
          }
          defaultSorting={Object {}}
          dispatch={[Function]}
          fetchOnInit={true}
          id="Page_Cards"
          isActive={false}
          isAnyTableFocused={false}
          isEnabled={true}
          isInit={true}
          isLoading={true}
          level="widgets"
          placeholder={false}
          resolveModel={Object {}}
          selectedId={null}
          sorting={Object {}}
          src="CardsWidget"
          visible={true}
          widget={
            Object {
              "containerId": null,
              "count": 0,
              "dataProvider": undefined,
              "error": null,
              "filter": Object {
                "key": null,
                "type": null,
              },
              "isActive": false,
              "isEnabled": true,
              "isFilterVisible": true,
              "isInit": true,
              "isLoading": true,
              "isResolved": false,
              "isVisible": true,
              "modelId": undefined,
              "modelPrefix": undefined,
              "page": undefined,
              "pageId": undefined,
              "selectedId": null,
              "size": undefined,
              "sorting": Object {},
              "type": undefined,
              "validation": undefined,
            }
          }
        >
          <div
            className="position-relative"
          >
            <Placeholder
              loading={false}
              once={true}
              type="list"
            >
              <Spinner
                color="primary"
                loading={true}
                minSpinnerTimeToShow={250}
                text=""
                transparent={false}
                type="cover"
              >
                <div
                  className="n2o-spinner-wrapper"
                >
                  <lifecycle(getContext(withHandlers(mapProps(CardsContainer))))
                    cards={
                      Array [
                        Object {
                          "col": 4,
                          "content": Array [
                            Object {
                              "fieldKey": "card1",
                              "id": "card1",
                              "src": "TextCell",
                              "style": Object {},
                            },
                          ],
                        },
                        Object {
                          "col": 4,
                          "content": Array [
                            Object {
                              "fieldKey": "card2",
                              "id": "card2",
                              "src": "ImageCell",
                              "statuses": Array [
                                Object {
                                  "src": "Status",
                                  "statusFieldId": "status1",
                                  "statusIconFieldId": "fa fa-edit",
                                  "statusPlace": "top-left",
                                },
                                Object {
                                  "src": "Status",
                                  "statusFieldId": "status2",
                                  "statusIconFieldId": "fa fa-edit",
                                  "statusPlace": "top-right",
                                },
                                Object {
                                  "src": "Status",
                                  "statusFieldId": "status3",
                                  "statusIconFieldId": "fa fa-edit",
                                  "statusPlace": "bottom-left",
                                },
                                Object {
                                  "src": "Status",
                                  "statusFieldId": "status4",
                                  "statusIconFieldId": "fa fa-edit",
                                  "statusPlace": "bottom-right",
                                },
                              ],
                              "style": Object {},
                              "width": 350,
                            },
                            Object {
                              "fieldKey": "card21",
                              "id": "card21",
                              "src": "TextCell",
                              "style": Object {},
                              "subTextFieldKey": "card211",
                            },
                            Object {
                              "fieldKey": "action",
                              "id": "action",
                              "src": "ButtonsCell",
                              "toolbar": Array [
                                Object {
                                  "buttons": Array [
                                    Object {
                                      "action": Object {
                                        "payload": Object {
                                          "closeButton": true,
                                          "name": "id_menuItem0",
                                          "pageId": "id_menuItem0",
                                          "pageUrl": "/:id/menuItem0",
                                          "pathMapping": Object {
                                            "id": Object {
                                              "link": "models.resolve['main'].id",
                                            },
                                          },
                                          "prompt": true,
                                          "queryMapping": Object {},
                                          "scrollable": false,
                                          "visible": true,
                                        },
                                        "type": "n2o/overlays/INSERT_MODAL",
                                      },
                                      "color": "success",
                                      "conditions": Object {},
                                      "id": "menuItem0",
                                      "label": "Info",
                                      "rounded": false,
                                      "security": Object {
                                        "page": Object {
                                          "denied": false,
                                          "permitAll": true,
                                        },
                                      },
                                      "src": "StandardButton",
                                    },
                                  ],
                                },
                              ],
                            },
                          ],
                        },
                        Object {
                          "col": 4,
                          "content": Array [
                            Object {
                              "fieldKey": "card3",
                              "id": "card3",
                              "src": "RatingCell",
                              "style": Object {},
                            },
                            Object {
                              "fieldKey": "card31",
                              "id": "card31",
                              "src": "TextCell",
                              "style": Object {},
                            },
                          ],
                        },
                      ]
                    }
                    defaultSorting={Object {}}
                    dispatch={[Function]}
                    fetchOnInit={true}
                    id="Page_Cards"
                    isActive={false}
                    isAnyTableFocused={false}
                    isEnabled={true}
                    isInit={true}
                    isLoading={true}
                    level="widgets"
                    onActionImpl={[Function]}
                    onFetch={[Function]}
                    onFocus={[Function]}
                    onResolve={[Function]}
                    onSetModel={[Function]}
                    onSort={[Function]}
                    placeholder={false}
                    resolveModel={Object {}}
                    selectedId={null}
                    sorting={Object {}}
                    src="CardsWidget"
                    visible={true}
                    widget={
                      Object {
                        "containerId": null,
                        "count": 0,
                        "dataProvider": undefined,
                        "error": null,
                        "filter": Object {
                          "key": null,
                          "type": null,
                        },
                        "isActive": false,
                        "isEnabled": true,
                        "isFilterVisible": true,
                        "isInit": true,
                        "isLoading": true,
                        "isResolved": false,
                        "isVisible": true,
                        "modelId": undefined,
                        "modelPrefix": undefined,
                        "page": undefined,
                        "pageId": undefined,
                        "selectedId": null,
                        "size": undefined,
                        "sorting": Object {},
                        "type": undefined,
                        "validation": undefined,
                      }
                    }
                  >
                    <getContext(withHandlers(mapProps(CardsContainer)))
                      cards={
                        Array [
                          Object {
                            "col": 4,
                            "content": Array [
                              Object {
                                "fieldKey": "card1",
                                "id": "card1",
                                "src": "TextCell",
                                "style": Object {},
                              },
                            ],
                          },
                          Object {
                            "col": 4,
                            "content": Array [
                              Object {
                                "fieldKey": "card2",
                                "id": "card2",
                                "src": "ImageCell",
                                "statuses": Array [
                                  Object {
                                    "src": "Status",
                                    "statusFieldId": "status1",
                                    "statusIconFieldId": "fa fa-edit",
                                    "statusPlace": "top-left",
                                  },
                                  Object {
                                    "src": "Status",
                                    "statusFieldId": "status2",
                                    "statusIconFieldId": "fa fa-edit",
                                    "statusPlace": "top-right",
                                  },
                                  Object {
                                    "src": "Status",
                                    "statusFieldId": "status3",
                                    "statusIconFieldId": "fa fa-edit",
                                    "statusPlace": "bottom-left",
                                  },
                                  Object {
                                    "src": "Status",
                                    "statusFieldId": "status4",
                                    "statusIconFieldId": "fa fa-edit",
                                    "statusPlace": "bottom-right",
                                  },
                                ],
                                "style": Object {},
                                "width": 350,
                              },
                              Object {
                                "fieldKey": "card21",
                                "id": "card21",
                                "src": "TextCell",
                                "style": Object {},
                                "subTextFieldKey": "card211",
                              },
                              Object {
                                "fieldKey": "action",
                                "id": "action",
                                "src": "ButtonsCell",
                                "toolbar": Array [
                                  Object {
                                    "buttons": Array [
                                      Object {
                                        "action": Object {
                                          "payload": Object {
                                            "closeButton": true,
                                            "name": "id_menuItem0",
                                            "pageId": "id_menuItem0",
                                            "pageUrl": "/:id/menuItem0",
                                            "pathMapping": Object {
                                              "id": Object {
                                                "link": "models.resolve['main'].id",
                                              },
                                            },
                                            "prompt": true,
                                            "queryMapping": Object {},
                                            "scrollable": false,
                                            "visible": true,
                                          },
                                          "type": "n2o/overlays/INSERT_MODAL",
                                        },
                                        "color": "success",
                                        "conditions": Object {},
                                        "id": "menuItem0",
                                        "label": "Info",
                                        "rounded": false,
                                        "security": Object {
                                          "page": Object {
                                            "denied": false,
                                            "permitAll": true,
                                          },
                                        },
                                        "src": "StandardButton",
                                      },
                                    ],
                                  },
                                ],
                              },
                            ],
                          },
                          Object {
                            "col": 4,
                            "content": Array [
                              Object {
                                "fieldKey": "card3",
                                "id": "card3",
                                "src": "RatingCell",
                                "style": Object {},
                              },
                              Object {
                                "fieldKey": "card31",
                                "id": "card31",
                                "src": "TextCell",
                                "style": Object {},
                              },
                            ],
                          },
                        ]
                      }
                      defaultSorting={Object {}}
                      dispatch={[Function]}
                      fetchOnInit={true}
                      id="Page_Cards"
                      isActive={false}
                      isAnyTableFocused={false}
                      isEnabled={true}
                      isInit={true}
                      isLoading={true}
                      level="widgets"
                      onActionImpl={[Function]}
                      onFetch={[Function]}
                      onFocus={[Function]}
                      onResolve={[Function]}
                      onSetModel={[Function]}
                      onSort={[Function]}
                      placeholder={false}
                      resolveModel={Object {}}
                      selectedId={null}
                      sorting={Object {}}
                      src="CardsWidget"
                      visible={true}
                      widget={
                        Object {
                          "containerId": null,
                          "count": 0,
                          "dataProvider": undefined,
                          "error": null,
                          "filter": Object {
                            "key": null,
                            "type": null,
                          },
                          "isActive": false,
                          "isEnabled": true,
                          "isFilterVisible": true,
                          "isInit": true,
                          "isLoading": true,
                          "isResolved": false,
                          "isVisible": true,
                          "modelId": undefined,
                          "modelPrefix": undefined,
                          "page": undefined,
                          "pageId": undefined,
                          "selectedId": null,
                          "size": undefined,
                          "sorting": Object {},
                          "type": undefined,
                          "validation": undefined,
                        }
                      }
                    >
                      <withHandlers(mapProps(CardsContainer))
                        cards={
                          Array [
                            Object {
                              "col": 4,
                              "content": Array [
                                Object {
                                  "fieldKey": "card1",
                                  "id": "card1",
                                  "src": "TextCell",
                                  "style": Object {},
                                },
                              ],
                            },
                            Object {
                              "col": 4,
                              "content": Array [
                                Object {
                                  "fieldKey": "card2",
                                  "id": "card2",
                                  "src": "ImageCell",
                                  "statuses": Array [
                                    Object {
                                      "src": "Status",
                                      "statusFieldId": "status1",
                                      "statusIconFieldId": "fa fa-edit",
                                      "statusPlace": "top-left",
                                    },
                                    Object {
                                      "src": "Status",
                                      "statusFieldId": "status2",
                                      "statusIconFieldId": "fa fa-edit",
                                      "statusPlace": "top-right",
                                    },
                                    Object {
                                      "src": "Status",
                                      "statusFieldId": "status3",
                                      "statusIconFieldId": "fa fa-edit",
                                      "statusPlace": "bottom-left",
                                    },
                                    Object {
                                      "src": "Status",
                                      "statusFieldId": "status4",
                                      "statusIconFieldId": "fa fa-edit",
                                      "statusPlace": "bottom-right",
                                    },
                                  ],
                                  "style": Object {},
                                  "width": 350,
                                },
                                Object {
                                  "fieldKey": "card21",
                                  "id": "card21",
                                  "src": "TextCell",
                                  "style": Object {},
                                  "subTextFieldKey": "card211",
                                },
                                Object {
                                  "fieldKey": "action",
                                  "id": "action",
                                  "src": "ButtonsCell",
                                  "toolbar": Array [
                                    Object {
                                      "buttons": Array [
                                        Object {
                                          "action": Object {
                                            "payload": Object {
                                              "closeButton": true,
                                              "name": "id_menuItem0",
                                              "pageId": "id_menuItem0",
                                              "pageUrl": "/:id/menuItem0",
                                              "pathMapping": Object {
                                                "id": Object {
                                                  "link": "models.resolve['main'].id",
                                                },
                                              },
                                              "prompt": true,
                                              "queryMapping": Object {},
                                              "scrollable": false,
                                              "visible": true,
                                            },
                                            "type": "n2o/overlays/INSERT_MODAL",
                                          },
                                          "color": "success",
                                          "conditions": Object {},
                                          "id": "menuItem0",
                                          "label": "Info",
                                          "rounded": false,
                                          "security": Object {
                                            "page": Object {
                                              "denied": false,
                                              "permitAll": true,
                                            },
                                          },
                                          "src": "StandardButton",
                                        },
                                      ],
                                    },
                                  ],
                                },
                              ],
                            },
                            Object {
                              "col": 4,
                              "content": Array [
                                Object {
                                  "fieldKey": "card3",
                                  "id": "card3",
                                  "src": "RatingCell",
                                  "style": Object {},
                                },
                                Object {
                                  "fieldKey": "card31",
                                  "id": "card31",
                                  "src": "TextCell",
                                  "style": Object {},
                                },
                              ],
                            },
                          ]
                        }
                        defaultSorting={Object {}}
                        dispatch={[Function]}
                        fetchOnInit={true}
                        id="Page_Cards"
                        isActive={false}
                        isAnyTableFocused={false}
                        isEnabled={true}
                        isInit={true}
                        isLoading={true}
                        level="widgets"
                        onActionImpl={[Function]}
                        onFetch={[Function]}
                        onFocus={[Function]}
                        onResolve={[Function]}
                        onSetModel={[Function]}
                        onSort={[Function]}
                        placeholder={false}
                        resolveModel={Object {}}
                        selectedId={null}
                        sorting={Object {}}
                        src="CardsWidget"
                        store={
                          Object {
                            "dispatch": [Function],
                            "getState": [Function],
                            "replaceReducer": [Function],
                            "subscribe": [Function],
                            Symbol(observable): [Function],
                          }
                        }
                        visible={true}
                        widget={
                          Object {
                            "containerId": null,
                            "count": 0,
                            "dataProvider": undefined,
                            "error": null,
                            "filter": Object {
                              "key": null,
                              "type": null,
                            },
                            "isActive": false,
                            "isEnabled": true,
                            "isFilterVisible": true,
                            "isInit": true,
                            "isLoading": true,
                            "isResolved": false,
                            "isVisible": true,
                            "modelId": undefined,
                            "modelPrefix": undefined,
                            "page": undefined,
                            "pageId": undefined,
                            "selectedId": null,
                            "size": undefined,
                            "sorting": Object {},
                            "type": undefined,
                            "validation": undefined,
                          }
                        }
                      >
                        <mapProps(CardsContainer)
                          cards={
                            Array [
                              Object {
                                "col": 4,
                                "content": Array [
                                  Object {
                                    "fieldKey": "card1",
                                    "id": "card1",
                                    "src": "TextCell",
                                    "style": Object {},
                                  },
                                ],
                              },
                              Object {
                                "col": 4,
                                "content": Array [
                                  Object {
                                    "fieldKey": "card2",
                                    "id": "card2",
                                    "src": "ImageCell",
                                    "statuses": Array [
                                      Object {
                                        "src": "Status",
                                        "statusFieldId": "status1",
                                        "statusIconFieldId": "fa fa-edit",
                                        "statusPlace": "top-left",
                                      },
                                      Object {
                                        "src": "Status",
                                        "statusFieldId": "status2",
                                        "statusIconFieldId": "fa fa-edit",
                                        "statusPlace": "top-right",
                                      },
                                      Object {
                                        "src": "Status",
                                        "statusFieldId": "status3",
                                        "statusIconFieldId": "fa fa-edit",
                                        "statusPlace": "bottom-left",
                                      },
                                      Object {
                                        "src": "Status",
                                        "statusFieldId": "status4",
                                        "statusIconFieldId": "fa fa-edit",
                                        "statusPlace": "bottom-right",
                                      },
                                    ],
                                    "style": Object {},
                                    "width": 350,
                                  },
                                  Object {
                                    "fieldKey": "card21",
                                    "id": "card21",
                                    "src": "TextCell",
                                    "style": Object {},
                                    "subTextFieldKey": "card211",
                                  },
                                  Object {
                                    "fieldKey": "action",
                                    "id": "action",
                                    "src": "ButtonsCell",
                                    "toolbar": Array [
                                      Object {
                                        "buttons": Array [
                                          Object {
                                            "action": Object {
                                              "payload": Object {
                                                "closeButton": true,
                                                "name": "id_menuItem0",
                                                "pageId": "id_menuItem0",
                                                "pageUrl": "/:id/menuItem0",
                                                "pathMapping": Object {
                                                  "id": Object {
                                                    "link": "models.resolve['main'].id",
                                                  },
                                                },
                                                "prompt": true,
                                                "queryMapping": Object {},
                                                "scrollable": false,
                                                "visible": true,
                                              },
                                              "type": "n2o/overlays/INSERT_MODAL",
                                            },
                                            "color": "success",
                                            "conditions": Object {},
                                            "id": "menuItem0",
                                            "label": "Info",
                                            "rounded": false,
                                            "security": Object {
                                              "page": Object {
                                                "denied": false,
                                                "permitAll": true,
                                              },
                                            },
                                            "src": "StandardButton",
                                          },
                                        ],
                                      },
                                    ],
                                  },
                                ],
                              },
                              Object {
                                "col": 4,
                                "content": Array [
                                  Object {
                                    "fieldKey": "card3",
                                    "id": "card3",
                                    "src": "RatingCell",
                                    "style": Object {},
                                  },
                                  Object {
                                    "fieldKey": "card31",
                                    "id": "card31",
                                    "src": "TextCell",
                                    "style": Object {},
                                  },
                                ],
                              },
                            ]
                          }
                          defaultSorting={Object {}}
                          dispatch={[Function]}
                          fetchOnInit={true}
                          id="Page_Cards"
                          isActive={false}
                          isAnyTableFocused={false}
                          isEnabled={true}
                          isInit={true}
                          isLoading={true}
                          level="widgets"
                          onActionImpl={[Function]}
                          onFetch={[Function]}
                          onFocus={[Function]}
                          onResolve={[Function]}
                          onRowClickAction={[Function]}
                          onSetModel={[Function]}
                          onSort={[Function]}
                          placeholder={false}
                          resolveModel={Object {}}
                          selectedId={null}
                          sorting={Object {}}
                          src="CardsWidget"
                          store={
                            Object {
                              "dispatch": [Function],
                              "getState": [Function],
                              "replaceReducer": [Function],
                              "subscribe": [Function],
                              Symbol(observable): [Function],
                            }
                          }
                          visible={true}
                          widget={
                            Object {
                              "containerId": null,
                              "count": 0,
                              "dataProvider": undefined,
                              "error": null,
                              "filter": Object {
                                "key": null,
                                "type": null,
                              },
                              "isActive": false,
                              "isEnabled": true,
                              "isFilterVisible": true,
                              "isInit": true,
                              "isLoading": true,
                              "isResolved": false,
                              "isVisible": true,
                              "modelId": undefined,
                              "modelPrefix": undefined,
                              "page": undefined,
                              "pageId": undefined,
                              "selectedId": null,
                              "size": undefined,
                              "sorting": Object {},
                              "type": undefined,
                              "validation": undefined,
                            }
                          }
                        >
                          <CardsContainer
                            cards={
                              Array [
                                Object {
                                  "col": 4,
                                  "content": Array [
                                    Object {
                                      "fieldKey": "card1",
                                      "id": "card1",
                                      "src": "TextCell",
                                      "style": Object {},
                                    },
                                  ],
                                },
                                Object {
                                  "col": 4,
                                  "content": Array [
                                    Object {
                                      "fieldKey": "card2",
                                      "id": "card2",
                                      "src": "ImageCell",
                                      "statuses": Array [
                                        Object {
                                          "src": "Status",
                                          "statusFieldId": "status1",
                                          "statusIconFieldId": "fa fa-edit",
                                          "statusPlace": "top-left",
                                        },
                                        Object {
                                          "src": "Status",
                                          "statusFieldId": "status2",
                                          "statusIconFieldId": "fa fa-edit",
                                          "statusPlace": "top-right",
                                        },
                                        Object {
                                          "src": "Status",
                                          "statusFieldId": "status3",
                                          "statusIconFieldId": "fa fa-edit",
                                          "statusPlace": "bottom-left",
                                        },
                                        Object {
                                          "src": "Status",
                                          "statusFieldId": "status4",
                                          "statusIconFieldId": "fa fa-edit",
                                          "statusPlace": "bottom-right",
                                        },
                                      ],
                                      "style": Object {},
                                      "width": 350,
                                    },
                                    Object {
                                      "fieldKey": "card21",
                                      "id": "card21",
                                      "src": "TextCell",
                                      "style": Object {},
                                      "subTextFieldKey": "card211",
                                    },
                                    Object {
                                      "fieldKey": "action",
                                      "id": "action",
                                      "src": "ButtonsCell",
                                      "toolbar": Array [
                                        Object {
                                          "buttons": Array [
                                            Object {
                                              "action": Object {
                                                "payload": Object {
                                                  "closeButton": true,
                                                  "name": "id_menuItem0",
                                                  "pageId": "id_menuItem0",
                                                  "pageUrl": "/:id/menuItem0",
                                                  "pathMapping": Object {
                                                    "id": Object {
                                                      "link": "models.resolve['main'].id",
                                                    },
                                                  },
                                                  "prompt": true,
                                                  "queryMapping": Object {},
                                                  "scrollable": false,
                                                  "visible": true,
                                                },
                                                "type": "n2o/overlays/INSERT_MODAL",
                                              },
                                              "color": "success",
                                              "conditions": Object {},
                                              "id": "menuItem0",
                                              "label": "Info",
                                              "rounded": false,
                                              "security": Object {
                                                "page": Object {
                                                  "denied": false,
                                                  "permitAll": true,
                                                },
                                              },
                                              "src": "StandardButton",
                                            },
                                          ],
                                        },
                                      ],
                                    },
                                  ],
                                },
                                Object {
                                  "col": 4,
                                  "content": Array [
                                    Object {
                                      "fieldKey": "card3",
                                      "id": "card3",
                                      "src": "RatingCell",
                                      "style": Object {},
                                    },
                                    Object {
                                      "fieldKey": "card31",
                                      "id": "card31",
                                      "src": "TextCell",
                                      "style": Object {},
                                    },
                                  ],
                                },
                              ]
                            }
                            dispatch={[Function]}
                            onResolve={[Function]}
                          >
                            <Cards
                              cards={
                                Array [
                                  Object {
                                    "col": 4,
                                    "content": Array [
                                      Object {
                                        "fieldKey": "card1",
                                        "id": "card1",
                                        "src": "TextCell",
                                        "style": Object {},
                                      },
                                    ],
                                  },
                                  Object {
                                    "col": 4,
                                    "content": Array [
                                      Object {
                                        "fieldKey": "card2",
                                        "id": "card2",
                                        "src": "ImageCell",
                                        "statuses": Array [
                                          Object {
                                            "src": "Status",
                                            "statusFieldId": "status1",
                                            "statusIconFieldId": "fa fa-edit",
                                            "statusPlace": "top-left",
                                          },
                                          Object {
                                            "src": "Status",
                                            "statusFieldId": "status2",
                                            "statusIconFieldId": "fa fa-edit",
                                            "statusPlace": "top-right",
                                          },
                                          Object {
                                            "src": "Status",
                                            "statusFieldId": "status3",
                                            "statusIconFieldId": "fa fa-edit",
                                            "statusPlace": "bottom-left",
                                          },
                                          Object {
                                            "src": "Status",
                                            "statusFieldId": "status4",
                                            "statusIconFieldId": "fa fa-edit",
                                            "statusPlace": "bottom-right",
                                          },
                                        ],
                                        "style": Object {},
                                        "width": 350,
                                      },
                                      Object {
                                        "fieldKey": "card21",
                                        "id": "card21",
                                        "src": "TextCell",
                                        "style": Object {},
                                        "subTextFieldKey": "card211",
                                      },
                                      Object {
                                        "fieldKey": "action",
                                        "id": "action",
                                        "src": "ButtonsCell",
                                        "toolbar": Array [
                                          Object {
                                            "buttons": Array [
                                              Object {
                                                "action": Object {
                                                  "payload": Object {
                                                    "closeButton": true,
                                                    "name": "id_menuItem0",
                                                    "pageId": "id_menuItem0",
                                                    "pageUrl": "/:id/menuItem0",
                                                    "pathMapping": Object {
                                                      "id": Object {
                                                        "link": "models.resolve['main'].id",
                                                      },
                                                    },
                                                    "prompt": true,
                                                    "queryMapping": Object {},
                                                    "scrollable": false,
                                                    "visible": true,
                                                  },
                                                  "type": "n2o/overlays/INSERT_MODAL",
                                                },
                                                "color": "success",
                                                "conditions": Object {},
                                                "id": "menuItem0",
                                                "label": "Info",
                                                "rounded": false,
                                                "security": Object {
                                                  "page": Object {
                                                    "denied": false,
                                                    "permitAll": true,
                                                  },
                                                },
                                                "src": "StandardButton",
                                              },
                                            ],
                                          },
                                        ],
                                      },
                                    ],
                                  },
                                  Object {
                                    "col": 4,
                                    "content": Array [
                                      Object {
                                        "fieldKey": "card3",
                                        "id": "card3",
                                        "src": "RatingCell",
                                        "style": Object {},
                                      },
                                      Object {
                                        "fieldKey": "card31",
                                        "id": "card31",
                                        "src": "TextCell",
                                        "style": Object {},
                                      },
                                    ],
                                  },
                                ]
                              }
                              dispatch={[Function]}
                              height="450px"
                              onResolve={[Function]}
                            >
                              <div
                                className="n2o-cards__container col-12"
                              />
                            </Cards>
                          </CardsContainer>
                        </mapProps(CardsContainer)>
                      </withHandlers(mapProps(CardsContainer))>
                    </getContext(withHandlers(mapProps(CardsContainer)))>
                  </lifecycle(getContext(withHandlers(mapProps(CardsContainer))))>
                </div>
              </Spinner>
            </Placeholder>
          </div>
        </WidgetContainer>
      </pure(WidgetContainer)>
    </withProps(pure(WidgetContainer))>
  </Connect(withProps(pure(WidgetContainer)))>
</Provider>
`;
