// Jest Snapshot v1, https://goo.gl/fbAQLP

exports[`<SimpleHeader /> проверяет создание компонента 1`] = `
<BrowserRouter>
  <Router
    history={
      Object {
        "action": "POP",
        "block": [Function],
        "createHref": [Function],
        "go": [Function],
        "goBack": [Function],
        "goForward": [Function],
        "length": 1,
        "listen": [Function],
        "location": Object {
          "hash": "",
          "pathname": "/",
          "search": "",
          "state": undefined,
        },
        "push": [Function],
        "replace": [Function],
      }
    }
  >
    <SimpleHeader
      brand="N2O"
      brandImage="/image.svg"
      className=""
      collapsed={true}
      color="default"
      extraItems={
        Array [
          Object {
            "id": "text",
            "label": "text",
            "type": "text",
          },
        ]
      }
      fixed={true}
      items={
        Array [
          Object {
            "href": "/link",
            "id": "link",
            "label": "link",
            "linkType": "inner",
            "type": "link",
          },
          Object {
            "id": "dropdown",
            "label": "dropdown",
            "subItems": Array [
              Object {
                "badge": "badge1",
                "badgeColor": "danger",
                "href": "link1.ru",
                "id": "link1",
                "label": "link1",
                "linkType": "outer",
              },
            ],
            "type": "dropdown",
          },
        ]
      }
      search={true}
      style={Object {}}
    >
      <div
        className="navbar-container-fixed  n2o-header n2o-header-default "
        style={Object {}}
      >
        <Navbar
          color="light"
          dark={false}
          expand="md"
          light={true}
          tag="nav"
        >
          <nav
            className="navbar navbar-expand-md navbar-light bg-light"
          >
            <NavbarBrand
              href="/"
              tag="a"
            >
              <a
                className="navbar-brand"
                href="/"
              >
                <NavbarBrandContent
                  brand="N2O"
                  brandImage="/image.svg"
                >
                  <img
                    className="d-inline-block align-top"
                    src="/image.svg"
                    style={
                      Object {
                        "alignSelf": "center",
                        "display": "inline-block",
                        "margin": "auto",
                        "marginRight": "5px",
                        "maxHeight": 40,
                        "maxWidth": 40,
                      }
                    }
                  />
                  N2O
                </NavbarBrandContent>
              </a>
            </NavbarBrand>
            <NavbarToggler
              onClick={[Function]}
              tag="button"
              type="button"
            >
              <button
                className="navbar-toggler"
                onClick={[Function]}
                type="button"
              >
                <span
                  className="navbar-toggler-icon"
                />
              </button>
            </NavbarToggler>
            <Collapse
              appear={false}
              enter={true}
              exit={true}
              in={false}
              isOpen={false}
              mountOnEnter={false}
              navbar={true}
              onEnter={[Function]}
              onEntered={[Function]}
              onEntering={[Function]}
              onExit={[Function]}
              onExited={[Function]}
              onExiting={[Function]}
              tag="div"
              timeout={350}
              unmountOnExit={false}
            >
              <Transition
                appear={false}
                enter={true}
                exit={true}
                in={false}
                mountOnEnter={false}
                onEnter={[Function]}
                onEntered={[Function]}
                onEntering={[Function]}
                onExit={[Function]}
                onExited={[Function]}
                onExiting={[Function]}
                timeout={350}
                unmountOnExit={false}
              >
                <div
                  className="collapse navbar-collapse"
                  style={Object {}}
                >
                  <Nav
                    navbar={true}
                    tag="ul"
                    vertical={false}
                  >
                    <ul
                      className="navbar-nav"
                    >
                      <NavItemContainer
                        direction="bottom"
                        item={
                          Object {
                            "href": "/link",
                            "id": "link",
                            "label": "link",
                            "linkType": "inner",
                            "type": "link",
                          }
                        }
                        key="0"
                      >
                        <NavItem
                          tag="li"
                        >
                          <li
                            className="nav-item"
                          >
                            <NavLink
                              activeClassName="active"
                              aria-current="page"
                              className="nav-link"
                              exact={true}
                              to="/link"
                            >
                              <Route
                                exact={true}
                                path="\\\\/link"
                              >
                                <Link
                                  aria-current={null}
                                  className="nav-link"
                                  replace={false}
                                  to="/link"
                                >
                                  <a
                                    aria-current={null}
                                    className="nav-link"
                                    href="/link"
                                    onClick={[Function]}
                                  >
                                    link
                                  </a>
                                </Link>
                              </Route>
                            </NavLink>
                            <Badge
                              color="secondary"
                              pill={false}
                              tag="span"
                            >
                              <span
                                className="badge badge-secondary"
                              />
                            </Badge>
                          </li>
                        </NavItem>
                      </NavItemContainer>
                      <NavItemContainer
                        direction="bottom"
                        item={
                          Object {
                            "id": "dropdown",
                            "label": "dropdown",
                            "subItems": Array [
                              Object {
                                "badge": "badge1",
                                "badgeColor": "danger",
                                "href": "link1.ru",
                                "id": "link1",
                                "label": "link1",
                                "linkType": "outer",
                              },
                            ],
                            "type": "dropdown",
                          }
                        }
                        key="1"
                      >
                        <UncontrolledDropdown
                          direction="bottom"
                          inNavbar={true}
                          nav={true}
                        >
                          <Dropdown
                            active={false}
                            addonType={false}
                            direction="bottom"
                            inNavbar={true}
                            isOpen={false}
                            nav={true}
                            setActiveFromChild={false}
                            toggle={[Function]}
                          >
                            <Manager>
                              <li
                                className="dropbottom dropdown nav-item"
                                onKeyDown={[Function]}
                              >
                                <DropdownToggle
                                  aria-haspopup={true}
                                  caret={true}
                                  color="secondary"
                                  nav={true}
                                >
                                  <a
                                    aria-expanded={false}
                                    aria-haspopup={true}
                                    className="dropdown-toggle nav-link"
                                    href="#"
                                    onClick={[Function]}
                                  >
                                    dropdown
                                  </a>
                                </DropdownToggle>
                                <DropdownMenu
                                  flip={true}
                                  right={false}
                                  tag="div"
                                >
                                  <div
                                    aria-hidden={true}
                                    className="dropdown-menu"
                                    role="menu"
                                    tabIndex="-1"
                                  >
                                    <DropdownItem
                                      tag="button"
                                      toggle={true}
                                    >
                                      <button
                                        className="dropdown-item"
                                        onClick={[Function]}
                                        role="menuitem"
                                        tabIndex="0"
                                        type="button"
                                      >
                                        <NavItem
                                          tag="li"
                                        >
                                          <li
                                            className="nav-item"
                                          >
                                            <a
                                              className="nav-link dropdown-item"
                                              href="link1.ru"
                                            >
                                              link1
                                            </a>
                                            <Badge
                                              color="danger"
                                              pill={false}
                                              tag="span"
                                            >
                                              <span
                                                className="badge badge-danger"
                                              >
                                                badge1
                                              </span>
                                            </Badge>
                                          </li>
                                        </NavItem>
                                      </button>
                                    </DropdownItem>
                                  </div>
                                </DropdownMenu>
                              </li>
                            </Manager>
                          </Dropdown>
                        </UncontrolledDropdown>
                      </NavItemContainer>
                    </ul>
                  </Nav>
                  <Nav
                    className="ml-auto"
                    navbar={true}
                    tag="ul"
                    vertical={false}
                  >
                    <ul
                      className="ml-auto navbar-nav"
                    >
                      <NavItemContainer
                        direction="bottom"
                        item={
                          Object {
                            "id": "text",
                            "label": "text",
                            "type": "text",
                          }
                        }
                        key="0"
                        options={
                          Object {
                            "right": true,
                          }
                        }
                      >
                        <NavItem
                          tag="li"
                        >
                          <li
                            className="nav-item"
                          >
                            <span
                              className="nav-link"
                            >
                              text
                            </span>
                          </li>
                        </NavItem>
                      </NavItemContainer>
                      <NavItem
                        tag="li"
                      >
                        <li
                          className="nav-item"
                        >
                          <InputGroup
                            tag="div"
                          >
                            <div
                              className="input-group"
                            >
                              <Input
                                placeholder="Поиск"
                                type="text"
                              >
                                <input
                                  className="form-control"
                                  placeholder="Поиск"
                                  type="text"
                                />
                              </Input>
                              <InputGroupAddon
                                addonType="append"
                                tag="div"
                              >
                                <div
                                  className="input-group-append"
                                >
                                  <span
                                    className="input-group-text"
                                  >
                                    <i
                                      aria-hidden="true"
                                      className="fa fa-search"
                                    />
                                  </span>
                                </div>
                              </InputGroupAddon>
                            </div>
                          </InputGroup>
                        </li>
                      </NavItem>
                    </ul>
                  </Nav>
                </div>
              </Transition>
            </Collapse>
          </nav>
        </Navbar>
      </div>
    </SimpleHeader>
  </Router>
</BrowserRouter>
`;
