// Jest Snapshot v1, https://goo.gl/fbAQLP

exports[`StandardField рендерится корректно 1`] = `
<div
  className="n2o-form-group form-group test"
  style={
    Object {
      "display": "block",
    }
  }
>
  <label
    className="n2o-field-label myLabelClass n2o-label"
    htmlFor={undefined}
    style={
      Object {
        "display": "block",
        "flex": undefined,
        "width": undefined,
      }
    }
  >
    Мое поле
    <span
      className="n2o-field-label-required"
    >
      *
    </span>
  </label>
  <div
    style={
      Object {
        "width": "100%",
      }
    }
  >
    <div
      style={
        Object {
          "display": "flex",
          "minHeight": "1.2rem",
        }
      }
    >
      <span
        style={
          Object {
            "marginLeft": 5,
          }
        }
      >
        км
      </span>
      <div />
    </div>
    <div
      style={
        Object {
          "fontSize": "0.8em",
        }
      }
    >
      Введите значение
    </div>
    <div
      className="n2o-validation-message"
    />
  </div>
</div>
`;
