// Jest Snapshot v1, https://goo.gl/fbAQLP

exports[`Тесты Page Отрисовка Page 1`] = `
Array [
  <nav
    aria-label="breadcrumb"
    className=""
>
    <ol
        className="breadcrumb"
    >
        <li
            aria-current={undefined}
            className="breadcrumb-item"
        >
            <a
                href="/"
                onClick={[Function]}
            >
                Первая
            </a>
        </li>
        <li
            aria-current="page"
            className="active breadcrumb-item"
        />
    </ol>
</nav>,
  <div
    className="n2o-page"
/>,
]
`;
