// Jest Snapshot v1, https://goo.gl/fbAQLP

exports[`<TimePicker /> проверка дефолтного рендера и проверка открытия popup 1`] = `
<TimePickerControl
  format="symbols"
  locale="ru"
  mode={
    Array [
      "hours",
      "minutes",
      "seconds",
    ]
  }
  onChange={[Function]}
  timeFormat="HH:mm:ss"
>
  <div
    className="n2o-time-picker"
  >
    <Manager>
      <Reference>
        <Component
          className="n2o-time-picker__input"
          inputRef={[Function]}
          onClick={[Function]}
          prefix={null}
          readOnly={true}
          suffix={
            <InputIcon
              clickable={true}
              hoverable={true}
              onClick={[Function]}
            >
              <span
                className="fa fa-chevron-down"
                style={
                  Object {
                    "transform": "rotate(-180deg)",
                    "transition": "transform 150ms linear",
                  }
                }
              />
            </InputIcon>
          }
          value=""
        >
          <div
            className="n2o-control-container"
          >
            <InputText
              autoFocus={false}
              className="n2o-time-picker__input"
              disabled={false}
              inputRef={[Function]}
              onChange={[Function]}
              onClick={[Function]}
              prefix={null}
              readOnly={true}
              suffix={
                <InputIcon
                  clickable={true}
                  hoverable={true}
                  onClick={[Function]}
                >
                  <span
                    className="fa fa-chevron-down"
                    style={
                      Object {
                        "transform": "rotate(-180deg)",
                        "transition": "transform 150ms linear",
                      }
                    }
                  />
                </InputIcon>
              }
              value=""
            >
              <div
                className="form-control n2o-input-text__affix-wrapper n2o-time-picker__input"
              >
                <pure(Input)
                  autoFocus={false}
                  className="n2o-input-text"
                  disabled={false}
                  inputRef={
                    Object {
                      "current": <input
                        class="n2o-input n2o-input-text"
                        readonly=""
                        type="text"
                        value=""
                      />,
                    }
                  }
                  onBlur={[Function]}
                  onChange={[Function]}
                  onClick={[Function]}
                  onFocus={[Function]}
                  readOnly={true}
                  type="text"
                  value=""
                >
                  <Input
                    autoFocus={false}
                    className="n2o-input-text"
                    disabled={false}
                    inputRef={
                      Object {
                        "current": <input
                          class="n2o-input n2o-input-text"
                          readonly=""
                          type="text"
                          value=""
                        />,
                      }
                    }
                    onBlur={[Function]}
                    onChange={[Function]}
                    onClick={[Function]}
                    onFocus={[Function]}
                    onKeyDown={[Function]}
                    onPaste={[Function]}
                    readOnly={true}
                    style={Object {}}
                    type="text"
                    value=""
                  >
                    <input
                      autoFocus={false}
                      className="n2o-input n2o-input-text"
                      disabled={false}
                      onBlur={[Function]}
                      onChange={[Function]}
                      onClick={[Function]}
                      onFocus={[Function]}
                      onKeyDown={[Function]}
                      onPaste={[Function]}
                      readOnly={true}
                      style={Object {}}
                      type="text"
                      value=""
                    />
                  </Input>
                </pure(Input)>
                <span
                  className="n2o-input-text__suffix"
                  onClick={[Function]}
                >
                  <InputIcon
                    clickable={true}
                    hoverable={true}
                    onClick={[Function]}
                  >
                    <span
                      className="n2o-input-icon hoverable clickable"
                      onClick={[Function]}
                    >
                      <span
                        className="fa fa-chevron-down"
                        style={
                          Object {
                            "transform": "rotate(-180deg)",
                            "transition": "transform 150ms linear",
                          }
                        }
                      />
                    </span>
                  </InputIcon>
                </span>
              </div>
            </InputText>
          </div>
        </Component>
      </Reference>
      <Popper
        modifiers={
          Object {
            "preventOverflow": Object {
              "boundariesElement": "window",
            },
          }
        }
        placement="bottom-end"
        strategy="fixed"
      >
        <div
          className="n2o-pop-up"
          data-placement="bottom-end"
          style={
            Object {
              "left": "0",
              "position": "fixed",
              "top": "0",
            }
          }
        >
          <Row
            noGutters={true}
            tag="div"
            widths={
              Array [
                "xs",
                "sm",
                "md",
                "lg",
                "xl",
              ]
            }
          >
            <div
              className="no-gutters row"
            >
              <Col
                tag="div"
                widths={
                  Array [
                    "xs",
                    "sm",
                    "md",
                    "lg",
                    "xl",
                  ]
                }
              >
                <div
                  className="col"
                >
                  <div
                    className="n2o-time-picker__header"
                  >
                    часы
                  </div>
                  <div
                    className="n2o-time-picker__panel"
                  >
                    <a
                      className="dropdown-item n2o-time-picker__panel__item"
                      href="#"
                      key="0"
                      onClick={[Function]}
                      onMouseDown={[Function]}
                    >
                      00
                    </a>
                    <a
                      className="dropdown-item n2o-time-picker__panel__item"
                      href="#"
                      key="1"
                      onClick={[Function]}
                      onMouseDown={[Function]}
                    >
                      01
                    </a>
                    <a
                      className="dropdown-item n2o-time-picker__panel__item"
                      href="#"
                      key="2"
                      onClick={[Function]}
                      onMouseDown={[Function]}
                    >
                      02
                    </a>
                    <a
                      className="dropdown-item n2o-time-picker__panel__item"
                      href="#"
                      key="3"
                      onClick={[Function]}
                      onMouseDown={[Function]}
                    >
                      03
                    </a>
                    <a
                      className="dropdown-item n2o-time-picker__panel__item"
                      href="#"
                      key="4"
                      onClick={[Function]}
                      onMouseDown={[Function]}
                    >
                      04
                    </a>
                    <a
                      className="dropdown-item n2o-time-picker__panel__item"
                      href="#"
                      key="5"
                      onClick={[Function]}
                      onMouseDown={[Function]}
                    >
                      05
                    </a>
                    <a
                      className="dropdown-item n2o-time-picker__panel__item"
                      href="#"
                      key="6"
                      onClick={[Function]}
                      onMouseDown={[Function]}
                    >
                      06
                    </a>
                    <a
                      className="dropdown-item n2o-time-picker__panel__item"
                      href="#"
                      key="7"
                      onClick={[Function]}
                      onMouseDown={[Function]}
                    >
                      07
                    </a>
                    <a
                      className="dropdown-item n2o-time-picker__panel__item"
                      href="#"
                      key="8"
                      onClick={[Function]}
                      onMouseDown={[Function]}
                    >
                      08
                    </a>
                    <a
                      className="dropdown-item n2o-time-picker__panel__item"
                      href="#"
                      key="9"
                      onClick={[Function]}
                      onMouseDown={[Function]}
                    >
                      09
                    </a>
                    <a
                      className="dropdown-item n2o-time-picker__panel__item"
                      href="#"
                      key="10"
                      onClick={[Function]}
                      onMouseDown={[Function]}
                    >
                      10
                    </a>
                    <a
                      className="dropdown-item n2o-time-picker__panel__item"
                      href="#"
                      key="11"
                      onClick={[Function]}
                      onMouseDown={[Function]}
                    >
                      11
                    </a>
                    <a
                      className="dropdown-item n2o-time-picker__panel__item"
                      href="#"
                      key="12"
                      onClick={[Function]}
                      onMouseDown={[Function]}
                    >
                      12
                    </a>
                    <a
                      className="dropdown-item n2o-time-picker__panel__item"
                      href="#"
                      key="13"
                      onClick={[Function]}
                      onMouseDown={[Function]}
                    >
                      13
                    </a>
                    <a
                      className="dropdown-item n2o-time-picker__panel__item"
                      href="#"
                      key="14"
                      onClick={[Function]}
                      onMouseDown={[Function]}
                    >
                      14
                    </a>
                    <a
                      className="dropdown-item n2o-time-picker__panel__item"
                      href="#"
                      key="15"
                      onClick={[Function]}
                      onMouseDown={[Function]}
                    >
                      15
                    </a>
                    <a
                      className="dropdown-item n2o-time-picker__panel__item"
                      href="#"
                      key="16"
                      onClick={[Function]}
                      onMouseDown={[Function]}
                    >
                      16
                    </a>
                    <a
                      className="dropdown-item n2o-time-picker__panel__item"
                      href="#"
                      key="17"
                      onClick={[Function]}
                      onMouseDown={[Function]}
                    >
                      17
                    </a>
                    <a
                      className="dropdown-item n2o-time-picker__panel__item"
                      href="#"
                      key="18"
                      onClick={[Function]}
                      onMouseDown={[Function]}
                    >
                      18
                    </a>
                    <a
                      className="dropdown-item n2o-time-picker__panel__item"
                      href="#"
                      key="19"
                      onClick={[Function]}
                      onMouseDown={[Function]}
                    >
                      19
                    </a>
                    <a
                      className="dropdown-item n2o-time-picker__panel__item"
                      href="#"
                      key="20"
                      onClick={[Function]}
                      onMouseDown={[Function]}
                    >
                      20
                    </a>
                    <a
                      className="dropdown-item n2o-time-picker__panel__item"
                      href="#"
                      key="21"
                      onClick={[Function]}
                      onMouseDown={[Function]}
                    >
                      21
                    </a>
                    <a
                      className="dropdown-item n2o-time-picker__panel__item"
                      href="#"
                      key="22"
                      onClick={[Function]}
                      onMouseDown={[Function]}
                    >
                      22
                    </a>
                    <a
                      className="dropdown-item n2o-time-picker__panel__item"
                      href="#"
                      key="23"
                      onClick={[Function]}
                      onMouseDown={[Function]}
                    >
                      23
                    </a>
                  </div>
                </div>
              </Col>
              <Col
                tag="div"
                widths={
                  Array [
                    "xs",
                    "sm",
                    "md",
                    "lg",
                    "xl",
                  ]
                }
              >
                <div
                  className="col"
                >
                  <div
                    className="n2o-time-picker__header"
                  >
                    минуты
                  </div>
                  <div
                    className="n2o-time-picker__panel"
                  >
                    <a
                      className="dropdown-item n2o-time-picker__panel__item"
                      href="#"
                      key="0"
                      onClick={[Function]}
                      onMouseDown={[Function]}
                    >
                      00
                    </a>
                    <a
                      className="dropdown-item n2o-time-picker__panel__item"
                      href="#"
                      key="1"
                      onClick={[Function]}
                      onMouseDown={[Function]}
                    >
                      01
                    </a>
                    <a
                      className="dropdown-item n2o-time-picker__panel__item"
                      href="#"
                      key="2"
                      onClick={[Function]}
                      onMouseDown={[Function]}
                    >
                      02
                    </a>
                    <a
                      className="dropdown-item n2o-time-picker__panel__item"
                      href="#"
                      key="3"
                      onClick={[Function]}
                      onMouseDown={[Function]}
                    >
                      03
                    </a>
                    <a
                      className="dropdown-item n2o-time-picker__panel__item"
                      href="#"
                      key="4"
                      onClick={[Function]}
                      onMouseDown={[Function]}
                    >
                      04
                    </a>
                    <a
                      className="dropdown-item n2o-time-picker__panel__item"
                      href="#"
                      key="5"
                      onClick={[Function]}
                      onMouseDown={[Function]}
                    >
                      05
                    </a>
                    <a
                      className="dropdown-item n2o-time-picker__panel__item"
                      href="#"
                      key="6"
                      onClick={[Function]}
                      onMouseDown={[Function]}
                    >
                      06
                    </a>
                    <a
                      className="dropdown-item n2o-time-picker__panel__item"
                      href="#"
                      key="7"
                      onClick={[Function]}
                      onMouseDown={[Function]}
                    >
                      07
                    </a>
                    <a
                      className="dropdown-item n2o-time-picker__panel__item"
                      href="#"
                      key="8"
                      onClick={[Function]}
                      onMouseDown={[Function]}
                    >
                      08
                    </a>
                    <a
                      className="dropdown-item n2o-time-picker__panel__item"
                      href="#"
                      key="9"
                      onClick={[Function]}
                      onMouseDown={[Function]}
                    >
                      09
                    </a>
                    <a
                      className="dropdown-item n2o-time-picker__panel__item"
                      href="#"
                      key="10"
                      onClick={[Function]}
                      onMouseDown={[Function]}
                    >
                      10
                    </a>
                    <a
                      className="dropdown-item n2o-time-picker__panel__item"
                      href="#"
                      key="11"
                      onClick={[Function]}
                      onMouseDown={[Function]}
                    >
                      11
                    </a>
                    <a
                      className="dropdown-item n2o-time-picker__panel__item"
                      href="#"
                      key="12"
                      onClick={[Function]}
                      onMouseDown={[Function]}
                    >
                      12
                    </a>
                    <a
                      className="dropdown-item n2o-time-picker__panel__item"
                      href="#"
                      key="13"
                      onClick={[Function]}
                      onMouseDown={[Function]}
                    >
                      13
                    </a>
                    <a
                      className="dropdown-item n2o-time-picker__panel__item"
                      href="#"
                      key="14"
                      onClick={[Function]}
                      onMouseDown={[Function]}
                    >
                      14
                    </a>
                    <a
                      className="dropdown-item n2o-time-picker__panel__item"
                      href="#"
                      key="15"
                      onClick={[Function]}
                      onMouseDown={[Function]}
                    >
                      15
                    </a>
                    <a
                      className="dropdown-item n2o-time-picker__panel__item"
                      href="#"
                      key="16"
                      onClick={[Function]}
                      onMouseDown={[Function]}
                    >
                      16
                    </a>
                    <a
                      className="dropdown-item n2o-time-picker__panel__item"
                      href="#"
                      key="17"
                      onClick={[Function]}
                      onMouseDown={[Function]}
                    >
                      17
                    </a>
                    <a
                      className="dropdown-item n2o-time-picker__panel__item"
                      href="#"
                      key="18"
                      onClick={[Function]}
                      onMouseDown={[Function]}
                    >
                      18
                    </a>
                    <a
                      className="dropdown-item n2o-time-picker__panel__item"
                      href="#"
                      key="19"
                      onClick={[Function]}
                      onMouseDown={[Function]}
                    >
                      19
                    </a>
                    <a
                      className="dropdown-item n2o-time-picker__panel__item"
                      href="#"
                      key="20"
                      onClick={[Function]}
                      onMouseDown={[Function]}
                    >
                      20
                    </a>
                    <a
                      className="dropdown-item n2o-time-picker__panel__item"
                      href="#"
                      key="21"
                      onClick={[Function]}
                      onMouseDown={[Function]}
                    >
                      21
                    </a>
                    <a
                      className="dropdown-item n2o-time-picker__panel__item"
                      href="#"
                      key="22"
                      onClick={[Function]}
                      onMouseDown={[Function]}
                    >
                      22
                    </a>
                    <a
                      className="dropdown-item n2o-time-picker__panel__item"
                      href="#"
                      key="23"
                      onClick={[Function]}
                      onMouseDown={[Function]}
                    >
                      23
                    </a>
                    <a
                      className="dropdown-item n2o-time-picker__panel__item"
                      href="#"
                      key="24"
                      onClick={[Function]}
                      onMouseDown={[Function]}
                    >
                      24
                    </a>
                    <a
                      className="dropdown-item n2o-time-picker__panel__item"
                      href="#"
                      key="25"
                      onClick={[Function]}
                      onMouseDown={[Function]}
                    >
                      25
                    </a>
                    <a
                      className="dropdown-item n2o-time-picker__panel__item"
                      href="#"
                      key="26"
                      onClick={[Function]}
                      onMouseDown={[Function]}
                    >
                      26
                    </a>
                    <a
                      className="dropdown-item n2o-time-picker__panel__item"
                      href="#"
                      key="27"
                      onClick={[Function]}
                      onMouseDown={[Function]}
                    >
                      27
                    </a>
                    <a
                      className="dropdown-item n2o-time-picker__panel__item"
                      href="#"
                      key="28"
                      onClick={[Function]}
                      onMouseDown={[Function]}
                    >
                      28
                    </a>
                    <a
                      className="dropdown-item n2o-time-picker__panel__item"
                      href="#"
                      key="29"
                      onClick={[Function]}
                      onMouseDown={[Function]}
                    >
                      29
                    </a>
                    <a
                      className="dropdown-item n2o-time-picker__panel__item"
                      href="#"
                      key="30"
                      onClick={[Function]}
                      onMouseDown={[Function]}
                    >
                      30
                    </a>
                    <a
                      className="dropdown-item n2o-time-picker__panel__item"
                      href="#"
                      key="31"
                      onClick={[Function]}
                      onMouseDown={[Function]}
                    >
                      31
                    </a>
                    <a
                      className="dropdown-item n2o-time-picker__panel__item"
                      href="#"
                      key="32"
                      onClick={[Function]}
                      onMouseDown={[Function]}
                    >
                      32
                    </a>
                    <a
                      className="dropdown-item n2o-time-picker__panel__item"
                      href="#"
                      key="33"
                      onClick={[Function]}
                      onMouseDown={[Function]}
                    >
                      33
                    </a>
                    <a
                      className="dropdown-item n2o-time-picker__panel__item"
                      href="#"
                      key="34"
                      onClick={[Function]}
                      onMouseDown={[Function]}
                    >
                      34
                    </a>
                    <a
                      className="dropdown-item n2o-time-picker__panel__item"
                      href="#"
                      key="35"
                      onClick={[Function]}
                      onMouseDown={[Function]}
                    >
                      35
                    </a>
                    <a
                      className="dropdown-item n2o-time-picker__panel__item"
                      href="#"
                      key="36"
                      onClick={[Function]}
                      onMouseDown={[Function]}
                    >
                      36
                    </a>
                    <a
                      className="dropdown-item n2o-time-picker__panel__item"
                      href="#"
                      key="37"
                      onClick={[Function]}
                      onMouseDown={[Function]}
                    >
                      37
                    </a>
                    <a
                      className="dropdown-item n2o-time-picker__panel__item"
                      href="#"
                      key="38"
                      onClick={[Function]}
                      onMouseDown={[Function]}
                    >
                      38
                    </a>
                    <a
                      className="dropdown-item n2o-time-picker__panel__item"
                      href="#"
                      key="39"
                      onClick={[Function]}
                      onMouseDown={[Function]}
                    >
                      39
                    </a>
                    <a
                      className="dropdown-item n2o-time-picker__panel__item"
                      href="#"
                      key="40"
                      onClick={[Function]}
                      onMouseDown={[Function]}
                    >
                      40
                    </a>
                    <a
                      className="dropdown-item n2o-time-picker__panel__item"
                      href="#"
                      key="41"
                      onClick={[Function]}
                      onMouseDown={[Function]}
                    >
                      41
                    </a>
                    <a
                      className="dropdown-item n2o-time-picker__panel__item"
                      href="#"
                      key="42"
                      onClick={[Function]}
                      onMouseDown={[Function]}
                    >
                      42
                    </a>
                    <a
                      className="dropdown-item n2o-time-picker__panel__item"
                      href="#"
                      key="43"
                      onClick={[Function]}
                      onMouseDown={[Function]}
                    >
                      43
                    </a>
                    <a
                      className="dropdown-item n2o-time-picker__panel__item"
                      href="#"
                      key="44"
                      onClick={[Function]}
                      onMouseDown={[Function]}
                    >
                      44
                    </a>
                    <a
                      className="dropdown-item n2o-time-picker__panel__item"
                      href="#"
                      key="45"
                      onClick={[Function]}
                      onMouseDown={[Function]}
                    >
                      45
                    </a>
                    <a
                      className="dropdown-item n2o-time-picker__panel__item"
                      href="#"
                      key="46"
                      onClick={[Function]}
                      onMouseDown={[Function]}
                    >
                      46
                    </a>
                    <a
                      className="dropdown-item n2o-time-picker__panel__item"
                      href="#"
                      key="47"
                      onClick={[Function]}
                      onMouseDown={[Function]}
                    >
                      47
                    </a>
                    <a
                      className="dropdown-item n2o-time-picker__panel__item"
                      href="#"
                      key="48"
                      onClick={[Function]}
                      onMouseDown={[Function]}
                    >
                      48
                    </a>
                    <a
                      className="dropdown-item n2o-time-picker__panel__item"
                      href="#"
                      key="49"
                      onClick={[Function]}
                      onMouseDown={[Function]}
                    >
                      49
                    </a>
                    <a
                      className="dropdown-item n2o-time-picker__panel__item"
                      href="#"
                      key="50"
                      onClick={[Function]}
                      onMouseDown={[Function]}
                    >
                      50
                    </a>
                    <a
                      className="dropdown-item n2o-time-picker__panel__item"
                      href="#"
                      key="51"
                      onClick={[Function]}
                      onMouseDown={[Function]}
                    >
                      51
                    </a>
                    <a
                      className="dropdown-item n2o-time-picker__panel__item"
                      href="#"
                      key="52"
                      onClick={[Function]}
                      onMouseDown={[Function]}
                    >
                      52
                    </a>
                    <a
                      className="dropdown-item n2o-time-picker__panel__item"
                      href="#"
                      key="53"
                      onClick={[Function]}
                      onMouseDown={[Function]}
                    >
                      53
                    </a>
                    <a
                      className="dropdown-item n2o-time-picker__panel__item"
                      href="#"
                      key="54"
                      onClick={[Function]}
                      onMouseDown={[Function]}
                    >
                      54
                    </a>
                    <a
                      className="dropdown-item n2o-time-picker__panel__item"
                      href="#"
                      key="55"
                      onClick={[Function]}
                      onMouseDown={[Function]}
                    >
                      55
                    </a>
                    <a
                      className="dropdown-item n2o-time-picker__panel__item"
                      href="#"
                      key="56"
                      onClick={[Function]}
                      onMouseDown={[Function]}
                    >
                      56
                    </a>
                    <a
                      className="dropdown-item n2o-time-picker__panel__item"
                      href="#"
                      key="57"
                      onClick={[Function]}
                      onMouseDown={[Function]}
                    >
                      57
                    </a>
                    <a
                      className="dropdown-item n2o-time-picker__panel__item"
                      href="#"
                      key="58"
                      onClick={[Function]}
                      onMouseDown={[Function]}
                    >
                      58
                    </a>
                    <a
                      className="dropdown-item n2o-time-picker__panel__item"
                      href="#"
                      key="59"
                      onClick={[Function]}
                      onMouseDown={[Function]}
                    >
                      59
                    </a>
                  </div>
                </div>
              </Col>
              <Col
                tag="div"
                widths={
                  Array [
                    "xs",
                    "sm",
                    "md",
                    "lg",
                    "xl",
                  ]
                }
              >
                <div
                  className="col"
                >
                  <div
                    className="n2o-time-picker__header last"
                  >
                    секунды
                  </div>
                  <div
                    className="n2o-time-picker__panel"
                  >
                    <a
                      className="dropdown-item n2o-time-picker__panel__item"
                      href="#"
                      key="0"
                      onClick={[Function]}
                      onMouseDown={[Function]}
                    >
                      00
                    </a>
                    <a
                      className="dropdown-item n2o-time-picker__panel__item"
                      href="#"
                      key="1"
                      onClick={[Function]}
                      onMouseDown={[Function]}
                    >
                      01
                    </a>
                    <a
                      className="dropdown-item n2o-time-picker__panel__item"
                      href="#"
                      key="2"
                      onClick={[Function]}
                      onMouseDown={[Function]}
                    >
                      02
                    </a>
                    <a
                      className="dropdown-item n2o-time-picker__panel__item"
                      href="#"
                      key="3"
                      onClick={[Function]}
                      onMouseDown={[Function]}
                    >
                      03
                    </a>
                    <a
                      className="dropdown-item n2o-time-picker__panel__item"
                      href="#"
                      key="4"
                      onClick={[Function]}
                      onMouseDown={[Function]}
                    >
                      04
                    </a>
                    <a
                      className="dropdown-item n2o-time-picker__panel__item"
                      href="#"
                      key="5"
                      onClick={[Function]}
                      onMouseDown={[Function]}
                    >
                      05
                    </a>
                    <a
                      className="dropdown-item n2o-time-picker__panel__item"
                      href="#"
                      key="6"
                      onClick={[Function]}
                      onMouseDown={[Function]}
                    >
                      06
                    </a>
                    <a
                      className="dropdown-item n2o-time-picker__panel__item"
                      href="#"
                      key="7"
                      onClick={[Function]}
                      onMouseDown={[Function]}
                    >
                      07
                    </a>
                    <a
                      className="dropdown-item n2o-time-picker__panel__item"
                      href="#"
                      key="8"
                      onClick={[Function]}
                      onMouseDown={[Function]}
                    >
                      08
                    </a>
                    <a
                      className="dropdown-item n2o-time-picker__panel__item"
                      href="#"
                      key="9"
                      onClick={[Function]}
                      onMouseDown={[Function]}
                    >
                      09
                    </a>
                    <a
                      className="dropdown-item n2o-time-picker__panel__item"
                      href="#"
                      key="10"
                      onClick={[Function]}
                      onMouseDown={[Function]}
                    >
                      10
                    </a>
                    <a
                      className="dropdown-item n2o-time-picker__panel__item"
                      href="#"
                      key="11"
                      onClick={[Function]}
                      onMouseDown={[Function]}
                    >
                      11
                    </a>
                    <a
                      className="dropdown-item n2o-time-picker__panel__item"
                      href="#"
                      key="12"
                      onClick={[Function]}
                      onMouseDown={[Function]}
                    >
                      12
                    </a>
                    <a
                      className="dropdown-item n2o-time-picker__panel__item"
                      href="#"
                      key="13"
                      onClick={[Function]}
                      onMouseDown={[Function]}
                    >
                      13
                    </a>
                    <a
                      className="dropdown-item n2o-time-picker__panel__item"
                      href="#"
                      key="14"
                      onClick={[Function]}
                      onMouseDown={[Function]}
                    >
                      14
                    </a>
                    <a
                      className="dropdown-item n2o-time-picker__panel__item"
                      href="#"
                      key="15"
                      onClick={[Function]}
                      onMouseDown={[Function]}
                    >
                      15
                    </a>
                    <a
                      className="dropdown-item n2o-time-picker__panel__item"
                      href="#"
                      key="16"
                      onClick={[Function]}
                      onMouseDown={[Function]}
                    >
                      16
                    </a>
                    <a
                      className="dropdown-item n2o-time-picker__panel__item"
                      href="#"
                      key="17"
                      onClick={[Function]}
                      onMouseDown={[Function]}
                    >
                      17
                    </a>
                    <a
                      className="dropdown-item n2o-time-picker__panel__item"
                      href="#"
                      key="18"
                      onClick={[Function]}
                      onMouseDown={[Function]}
                    >
                      18
                    </a>
                    <a
                      className="dropdown-item n2o-time-picker__panel__item"
                      href="#"
                      key="19"
                      onClick={[Function]}
                      onMouseDown={[Function]}
                    >
                      19
                    </a>
                    <a
                      className="dropdown-item n2o-time-picker__panel__item"
                      href="#"
                      key="20"
                      onClick={[Function]}
                      onMouseDown={[Function]}
                    >
                      20
                    </a>
                    <a
                      className="dropdown-item n2o-time-picker__panel__item"
                      href="#"
                      key="21"
                      onClick={[Function]}
                      onMouseDown={[Function]}
                    >
                      21
                    </a>
                    <a
                      className="dropdown-item n2o-time-picker__panel__item"
                      href="#"
                      key="22"
                      onClick={[Function]}
                      onMouseDown={[Function]}
                    >
                      22
                    </a>
                    <a
                      className="dropdown-item n2o-time-picker__panel__item"
                      href="#"
                      key="23"
                      onClick={[Function]}
                      onMouseDown={[Function]}
                    >
                      23
                    </a>
                    <a
                      className="dropdown-item n2o-time-picker__panel__item"
                      href="#"
                      key="24"
                      onClick={[Function]}
                      onMouseDown={[Function]}
                    >
                      24
                    </a>
                    <a
                      className="dropdown-item n2o-time-picker__panel__item"
                      href="#"
                      key="25"
                      onClick={[Function]}
                      onMouseDown={[Function]}
                    >
                      25
                    </a>
                    <a
                      className="dropdown-item n2o-time-picker__panel__item"
                      href="#"
                      key="26"
                      onClick={[Function]}
                      onMouseDown={[Function]}
                    >
                      26
                    </a>
                    <a
                      className="dropdown-item n2o-time-picker__panel__item"
                      href="#"
                      key="27"
                      onClick={[Function]}
                      onMouseDown={[Function]}
                    >
                      27
                    </a>
                    <a
                      className="dropdown-item n2o-time-picker__panel__item"
                      href="#"
                      key="28"
                      onClick={[Function]}
                      onMouseDown={[Function]}
                    >
                      28
                    </a>
                    <a
                      className="dropdown-item n2o-time-picker__panel__item"
                      href="#"
                      key="29"
                      onClick={[Function]}
                      onMouseDown={[Function]}
                    >
                      29
                    </a>
                    <a
                      className="dropdown-item n2o-time-picker__panel__item"
                      href="#"
                      key="30"
                      onClick={[Function]}
                      onMouseDown={[Function]}
                    >
                      30
                    </a>
                    <a
                      className="dropdown-item n2o-time-picker__panel__item"
                      href="#"
                      key="31"
                      onClick={[Function]}
                      onMouseDown={[Function]}
                    >
                      31
                    </a>
                    <a
                      className="dropdown-item n2o-time-picker__panel__item"
                      href="#"
                      key="32"
                      onClick={[Function]}
                      onMouseDown={[Function]}
                    >
                      32
                    </a>
                    <a
                      className="dropdown-item n2o-time-picker__panel__item"
                      href="#"
                      key="33"
                      onClick={[Function]}
                      onMouseDown={[Function]}
                    >
                      33
                    </a>
                    <a
                      className="dropdown-item n2o-time-picker__panel__item"
                      href="#"
                      key="34"
                      onClick={[Function]}
                      onMouseDown={[Function]}
                    >
                      34
                    </a>
                    <a
                      className="dropdown-item n2o-time-picker__panel__item"
                      href="#"
                      key="35"
                      onClick={[Function]}
                      onMouseDown={[Function]}
                    >
                      35
                    </a>
                    <a
                      className="dropdown-item n2o-time-picker__panel__item"
                      href="#"
                      key="36"
                      onClick={[Function]}
                      onMouseDown={[Function]}
                    >
                      36
                    </a>
                    <a
                      className="dropdown-item n2o-time-picker__panel__item"
                      href="#"
                      key="37"
                      onClick={[Function]}
                      onMouseDown={[Function]}
                    >
                      37
                    </a>
                    <a
                      className="dropdown-item n2o-time-picker__panel__item"
                      href="#"
                      key="38"
                      onClick={[Function]}
                      onMouseDown={[Function]}
                    >
                      38
                    </a>
                    <a
                      className="dropdown-item n2o-time-picker__panel__item"
                      href="#"
                      key="39"
                      onClick={[Function]}
                      onMouseDown={[Function]}
                    >
                      39
                    </a>
                    <a
                      className="dropdown-item n2o-time-picker__panel__item"
                      href="#"
                      key="40"
                      onClick={[Function]}
                      onMouseDown={[Function]}
                    >
                      40
                    </a>
                    <a
                      className="dropdown-item n2o-time-picker__panel__item"
                      href="#"
                      key="41"
                      onClick={[Function]}
                      onMouseDown={[Function]}
                    >
                      41
                    </a>
                    <a
                      className="dropdown-item n2o-time-picker__panel__item"
                      href="#"
                      key="42"
                      onClick={[Function]}
                      onMouseDown={[Function]}
                    >
                      42
                    </a>
                    <a
                      className="dropdown-item n2o-time-picker__panel__item"
                      href="#"
                      key="43"
                      onClick={[Function]}
                      onMouseDown={[Function]}
                    >
                      43
                    </a>
                    <a
                      className="dropdown-item n2o-time-picker__panel__item"
                      href="#"
                      key="44"
                      onClick={[Function]}
                      onMouseDown={[Function]}
                    >
                      44
                    </a>
                    <a
                      className="dropdown-item n2o-time-picker__panel__item"
                      href="#"
                      key="45"
                      onClick={[Function]}
                      onMouseDown={[Function]}
                    >
                      45
                    </a>
                    <a
                      className="dropdown-item n2o-time-picker__panel__item"
                      href="#"
                      key="46"
                      onClick={[Function]}
                      onMouseDown={[Function]}
                    >
                      46
                    </a>
                    <a
                      className="dropdown-item n2o-time-picker__panel__item"
                      href="#"
                      key="47"
                      onClick={[Function]}
                      onMouseDown={[Function]}
                    >
                      47
                    </a>
                    <a
                      className="dropdown-item n2o-time-picker__panel__item"
                      href="#"
                      key="48"
                      onClick={[Function]}
                      onMouseDown={[Function]}
                    >
                      48
                    </a>
                    <a
                      className="dropdown-item n2o-time-picker__panel__item"
                      href="#"
                      key="49"
                      onClick={[Function]}
                      onMouseDown={[Function]}
                    >
                      49
                    </a>
                    <a
                      className="dropdown-item n2o-time-picker__panel__item"
                      href="#"
                      key="50"
                      onClick={[Function]}
                      onMouseDown={[Function]}
                    >
                      50
                    </a>
                    <a
                      className="dropdown-item n2o-time-picker__panel__item"
                      href="#"
                      key="51"
                      onClick={[Function]}
                      onMouseDown={[Function]}
                    >
                      51
                    </a>
                    <a
                      className="dropdown-item n2o-time-picker__panel__item"
                      href="#"
                      key="52"
                      onClick={[Function]}
                      onMouseDown={[Function]}
                    >
                      52
                    </a>
                    <a
                      className="dropdown-item n2o-time-picker__panel__item"
                      href="#"
                      key="53"
                      onClick={[Function]}
                      onMouseDown={[Function]}
                    >
                      53
                    </a>
                    <a
                      className="dropdown-item n2o-time-picker__panel__item"
                      href="#"
                      key="54"
                      onClick={[Function]}
                      onMouseDown={[Function]}
                    >
                      54
                    </a>
                    <a
                      className="dropdown-item n2o-time-picker__panel__item"
                      href="#"
                      key="55"
                      onClick={[Function]}
                      onMouseDown={[Function]}
                    >
                      55
                    </a>
                    <a
                      className="dropdown-item n2o-time-picker__panel__item"
                      href="#"
                      key="56"
                      onClick={[Function]}
                      onMouseDown={[Function]}
                    >
                      56
                    </a>
                    <a
                      className="dropdown-item n2o-time-picker__panel__item"
                      href="#"
                      key="57"
                      onClick={[Function]}
                      onMouseDown={[Function]}
                    >
                      57
                    </a>
                    <a
                      className="dropdown-item n2o-time-picker__panel__item"
                      href="#"
                      key="58"
                      onClick={[Function]}
                      onMouseDown={[Function]}
                    >
                      58
                    </a>
                    <a
                      className="dropdown-item n2o-time-picker__panel__item"
                      href="#"
                      key="59"
                      onClick={[Function]}
                      onMouseDown={[Function]}
                    >
                      59
                    </a>
                  </div>
                </div>
              </Col>
            </div>
          </Row>
        </div>
      </Popper>
    </Manager>
  </div>
</TimePickerControl>
`;
